<?xml version="1.0" encoding="utf-8"?><testsuites name="pytest tests"><testsuite name="pytest" errors="0" failures="0" skipped="0" tests="0" time="0.035" timestamp="2025-06-09T09:03:03.606161-04:00" hostname="TWC-JX0KQK2G7Q" /></testsuites>